
R version 4.4.0 (2024-04-24) -- "Puppy Cup"
Copyright (C) 2024 The R Foundation for Statistical Computing
Platform: x86_64-pc-linux-gnu

R is free software and comes with ABSOLUTELY NO WARRANTY.
You are welcome to redistribute it under certain conditions.
Type 'license()' or 'licence()' for distribution details.

  Natural language support but running in an English locale

R is a collaborative project with many contributors.
Type 'contributors()' for more information and
'citation()' on how to cite R or R packages in publications.

Type 'demo()' for some demos, 'help()' for on-line help, or
'help.start()' for an HTML browser interface to help.
Type 'q()' to quit R.

[Previously saved workspace restored]

> library(reformulas)
> library(Matrix)
> library(huge)
> library(tidyverse)
── Attaching core tidyverse packages ──────────────────────── tidyverse 2.0.0 ──
✔ dplyr     1.1.4     ✔ readr     2.1.5
✔ forcats   1.0.0     ✔ stringr   1.5.1
✔ ggplot2   3.5.1     ✔ tibble    3.2.1
✔ lubridate 1.9.4     ✔ tidyr     1.3.1
✔ purrr     1.0.2     
── Conflicts ────────────────────────────────────────── tidyverse_conflicts() ──
✖ tidyr::expand() masks Matrix::expand()
✖ dplyr::filter() masks stats::filter()
✖ dplyr::lag()    masks stats::lag()
✖ tidyr::pack()   masks Matrix::pack()
✖ tidyr::unpack() masks Matrix::unpack()
ℹ Use the conflicted package (<http://conflicted.r-lib.org/>) to force all conflicts to become errors
> library(dplyr)
> library(DESeq2)
Loading required package: S4Vectors
Loading required package: stats4
Loading required package: BiocGenerics

Attaching package: ‘BiocGenerics’

The following objects are masked from ‘package:lubridate’:

    intersect, setdiff, union

The following objects are masked from ‘package:dplyr’:

    combine, intersect, setdiff, union

The following objects are masked from ‘package:stats’:

    IQR, mad, sd, var, xtabs

The following objects are masked from ‘package:base’:

    anyDuplicated, aperm, append, as.data.frame, basename, cbind,
    colnames, dirname, do.call, duplicated, eval, evalq, Filter, Find,
    get, grep, grepl, intersect, is.unsorted, lapply, Map, mapply,
    match, mget, order, paste, pmax, pmax.int, pmin, pmin.int,
    Position, rank, rbind, Reduce, rownames, sapply, saveRDS, setdiff,
    table, tapply, union, unique, unsplit, which.max, which.min


Attaching package: ‘S4Vectors’

The following object is masked _by_ ‘.GlobalEnv’:

    metadata

The following objects are masked from ‘package:lubridate’:

    second, second<-

The following objects are masked from ‘package:dplyr’:

    first, rename

The following object is masked from ‘package:tidyr’:

    expand

The following objects are masked from ‘package:Matrix’:

    expand, unname

The following object is masked from ‘package:utils’:

    findMatches

The following objects are masked from ‘package:base’:

    expand.grid, I, unname

Loading required package: IRanges

Attaching package: ‘IRanges’

The following object is masked from ‘package:lubridate’:

    %within%

The following objects are masked from ‘package:dplyr’:

    collapse, desc, slice

The following object is masked from ‘package:purrr’:

    reduce

Loading required package: GenomicRanges
Loading required package: GenomeInfoDb
Loading required package: SummarizedExperiment
Loading required package: MatrixGenerics
Loading required package: matrixStats

Attaching package: ‘matrixStats’

The following object is masked from ‘package:dplyr’:

    count


Attaching package: ‘MatrixGenerics’

The following objects are masked from ‘package:matrixStats’:

    colAlls, colAnyNAs, colAnys, colAvgsPerRowSet, colCollapse,
    colCounts, colCummaxs, colCummins, colCumprods, colCumsums,
    colDiffs, colIQRDiffs, colIQRs, colLogSumExps, colMadDiffs,
    colMads, colMaxs, colMeans2, colMedians, colMins, colOrderStats,
    colProds, colQuantiles, colRanges, colRanks, colSdDiffs, colSds,
    colSums2, colTabulates, colVarDiffs, colVars, colWeightedMads,
    colWeightedMeans, colWeightedMedians, colWeightedSds,
    colWeightedVars, rowAlls, rowAnyNAs, rowAnys, rowAvgsPerColSet,
    rowCollapse, rowCounts, rowCummaxs, rowCummins, rowCumprods,
    rowCumsums, rowDiffs, rowIQRDiffs, rowIQRs, rowLogSumExps,
    rowMadDiffs, rowMads, rowMaxs, rowMeans2, rowMedians, rowMins,
    rowOrderStats, rowProds, rowQuantiles, rowRanges, rowRanks,
    rowSdDiffs, rowSds, rowSums2, rowTabulates, rowVarDiffs, rowVars,
    rowWeightedMads, rowWeightedMeans, rowWeightedMedians,
    rowWeightedSds, rowWeightedVars

Loading required package: Biobase
Welcome to Bioconductor

    Vignettes contain introductory material; view with
    'browseVignettes()'. To cite Bioconductor, see
    'citation("Biobase")', and for packages 'citation("pkgname")'.


Attaching package: ‘Biobase’

The following object is masked from ‘package:MatrixGenerics’:

    rowMedians

The following objects are masked from ‘package:matrixStats’:

    anyMissing, rowMedians

> library(glmmTMB)
> library(foreach)

Attaching package: ‘foreach’

The following objects are masked from ‘package:purrr’:

    accumulate, when

> source("func2.R")
> source("initial_param0.R")
Generating data from the multivariate normal distribution with the scale-free graph structure....done.
Generating data from the multivariate normal distribution with the scale-free graph structure....done.
> ###################################################################
> ntaxa; nsubj; beta; betadisp; 
[1] 700
[1] 200
[1] 3
[1] 0
> 
> path  =  paste0(paste0(getwd()),"/",nsubj,"_",ntaxa,"/")
> 
> if (!dir.exists(path)) {
+   dir.create(path, recursive = TRUE) 
+   cat("Folder created at:", path, "\n")
+ } else {
+   cat("Folder already exists at:", path, "\n")
+ }
Folder already exists at: /project/6006158/agronahm/reduced_rank_mm/200_700/ 
> 
> form <- count ~ 1 + us(1 + group|taxon) + us(0 + taxon | subject)
> #####################################################################
> dd          =   meta_data(ntaxa, nsubj)
> true_pars0  =   lst(beta, theta = theta_true, betadisp)
> ####################################################################  
> #### simulate fixed bs
> pars0 <- simulate_new(RHSForm(form, as.form = TRUE), nsim = 1, seed = seed,
+                      newdata    =  dd,
+                      newparams  =  true_pars0,
+                      family     =  nbinom2, 
+                      return_val =  "pars"
+ )
> 
> stopifnot(theta_true == pars0[names(pars0)=="theta"])
> b_true_all      =   pars0[names(pars0)=="b"]
> true_b_index    =   seq(2,(2*ntaxa),2)
> true_param      =   b_true_all[true_b_index]
> true_b          =   data.frame(param_name = paste0("taxon", 1:ntaxa), 
+                            true_param = true_param)
> ################################################################################
> #now simulate with bs fixed to bval
> true_pars1  =  c(true_pars0, lst(b = b_true_all))
> pars1 <- simulate_new(RHSForm(form, as.form = TRUE), nsim = 1, seed = NULL,
+                       newdata    =  dd,
+                       newparams  =  true_pars1,
+                       family     =  nbinom2, 
+                       return_val = "pars"
+ )
> stopifnot(b_true_all  == pars1[names(pars1) == "b"])
> ####################################################################  
> #### simulate count data no zero inflation
> count_list <- simulate_new(RHSForm(form, as.form = TRUE),
+                          newdata   =  dd,
+                          newparams =  true_pars1,
+                          family    =  nbinom2,
+                          nsim      =  nsim,
+                          seed   =  seed)
